// Jest Snapshot v1, https://goo.gl/fbAQLP

exports[`Skeleton 1`] = `
<div
  className="bg-white p-2 sm:p-4 sm:h-64 rounded-lg shadow-sm flex flex-col sm:flex-row gap-5 select-none "
>
  <div
    className="flex flex-col flex-1 gap-5 sm:p-2"
  >
    <div
      className="flex flex-1 flex-col gap-3"
    >
      <div
        className="bg-gray-200 w-full animate-pulse h-14 rounded-2xl"
      />
      <div
        className="bg-gray-200 w-full animate-pulse h-3 rounded-2xl"
      />
      <div
        className="bg-gray-200 w-full animate-pulse h-3 rounded-2xl"
      />
      <div
        className="bg-gray-200 w-full animate-pulse h-3 rounded-2xl"
      />
      <div
        className="bg-gray-200 w-full animate-pulse h-3 rounded-2xl"
      />
    </div>
    <div
      className="mt-auto flex gap-3"
    >
      <div
        className="bg-gray-200 w-20 h-8 animate-pulse rounded-full"
      />
      <div
        className="bg-gray-200 w-20 h-8 animate-pulse rounded-full"
      />
    </div>
  </div>
</div>
`;
